// Jest Snapshot v1, https://goo.gl/fbAQLP

exports[`<DetailCollection /> should render correctly 1`] = `
ShallowWrapper {
  "complexSelector": ComplexSelector {
    "buildPredicate": [Function],
    "childrenOfNode": [Function],
    "findWhereUnwrapped": [Function],
  },
  "length": 1,
  "node": <Styled(Container)
    virtual={undefined}
>
    <Styled(Content)
        virtual={undefined}
    >
        <Styled(Card)
            style={
                Object {
                    "flex": 0,
                  }
            }
            virtual={undefined}
        >
            <Styled(CardItem)
                virtual={undefined}
            >
                <Styled(Left)
                    virtual={undefined}
                >
                    <Styled(Thumbnail)
                        source={
                            Object {
                                "uri": "https://media.glassdoor.com/sql/515676/zomato-squarelogo-1466750863527.png",
                              }
                        }
                        style={
                            Object {
                                "height": 50,
                                "width": 50,
                              }
                        }
                        virtual={undefined}
                    />
                    <Styled(Body)
                        virtual={undefined}
                    >
                        <Styled(Text)
                            virtual={undefined}
                        />
                        <Styled(Text)
                            note={true}
                            virtual={undefined}
                        >
                            04 May 2017
                        </Styled(Text)>
                    </Styled(Body)>
                </Styled(Left)>
            </Styled(CardItem)>
            <Styled(CardItem)
                virtual={undefined}
            >
                <Styled(Body)
                    virtual={undefined}
                >
                    <Image
                        source={
                            Object {
                                "uri": undefined,
                              }
                        }
                        style={
                            Object {
                                "height": 200,
                                "width": 340,
                              }
                        }
                    />
                    <Styled(Text)
                        virtual={undefined}
                    />
                    <Styled(Button)
                        textStyle={
                            Object {
                                "color": "#87838B",
                              }
                        }
                        transparent={true}
                        virtual={undefined}
                    >
                        <Styled(Icon)
                            name="logo-facebook"
                            virtual={undefined}
                        />
                        <Styled(Left)
                            virtual={undefined}
                        >
                            <Styled(Text)
                                style={
                                    Object {
                                        "fontSize": 12,
                                        "marginLeft": 2,
                                      }
                                }
                                virtual={undefined}
                            >
                                Share it
                            </Styled(Text)>
                        </Styled(Left)>
                    </Styled(Button)>
                </Styled(Body)>
            </Styled(CardItem)>
        </Styled(Card)>
    </Styled(Content)>
</Styled(Container)>,
  "nodes": Array [
    <Styled(Container)
      virtual={undefined}
>
      <Styled(Content)
            virtual={undefined}
      >
            <Styled(Card)
                  style={
                        Object {
                              "flex": 0,
                            }
                  }
                  virtual={undefined}
            >
                  <Styled(CardItem)
                        virtual={undefined}
                  >
                        <Styled(Left)
                              virtual={undefined}
                        >
                              <Styled(Thumbnail)
                                    source={
                                          Object {
                                                "uri": "https://media.glassdoor.com/sql/515676/zomato-squarelogo-1466750863527.png",
                                              }
                                    }
                                    style={
                                          Object {
                                                "height": 50,
                                                "width": 50,
                                              }
                                    }
                                    virtual={undefined}
                              />
                              <Styled(Body)
                                    virtual={undefined}
                              >
                                    <Styled(Text)
                                          virtual={undefined}
                                    />
                                    <Styled(Text)
                                          note={true}
                                          virtual={undefined}
                                    >
                                          04 May 2017
                                    </Styled(Text)>
                              </Styled(Body)>
                        </Styled(Left)>
                  </Styled(CardItem)>
                  <Styled(CardItem)
                        virtual={undefined}
                  >
                        <Styled(Body)
                              virtual={undefined}
                        >
                              <Image
                                    source={
                                          Object {
                                                "uri": undefined,
                                              }
                                    }
                                    style={
                                          Object {
                                                "height": 200,
                                                "width": 340,
                                              }
                                    }
                              />
                              <Styled(Text)
                                    virtual={undefined}
                              />
                              <Styled(Button)
                                    textStyle={
                                          Object {
                                                "color": "#87838B",
                                              }
                                    }
                                    transparent={true}
                                    virtual={undefined}
                              >
                                    <Styled(Icon)
                                          name="logo-facebook"
                                          virtual={undefined}
                                    />
                                    <Styled(Left)
                                          virtual={undefined}
                                    >
                                          <Styled(Text)
                                                style={
                                                      Object {
                                                            "fontSize": 12,
                                                            "marginLeft": 2,
                                                          }
                                                }
                                                virtual={undefined}
                                          >
                                                Share it
                                          </Styled(Text)>
                                    </Styled(Left)>
                              </Styled(Button)>
                        </Styled(Body)>
                  </Styled(CardItem)>
            </Styled(Card)>
      </Styled(Content)>
</Styled(Container)>,
  ],
  "options": Object {},
  "renderer": ReactShallowRenderer {
    "_instance": ShallowComponentWrapper {
      "_calledComponentWillUnmount": false,
      "_compositeType": 0,
      "_context": Object {},
      "_currentElement": <DetailCollection
        navigation={
                Object {
                        "state": Object {
                          "params": Object {
                            "collection": Object {},
                          },
                        },
                      }
        }
/>,
      "_debugID": 1,
      "_hostContainerInfo": null,
      "_hostParent": null,
      "_instance": DetailCollection {
        "_reactInternalInstance": [Circular],
        "context": Object {},
        "props": Object {
          "navigation": Object {
            "state": Object {
              "params": Object {
                "collection": Object {},
              },
            },
          },
        },
        "refs": Object {},
        "state": Object {},
        "updater": Object {
          "enqueueCallback": [Function],
          "enqueueCallbackInternal": [Function],
          "enqueueElementInternal": [Function],
          "enqueueForceUpdate": [Function],
          "enqueueReplaceState": [Function],
          "enqueueSetState": [Function],
          "isMounted": [Function],
          "validateCallback": [Function],
        },
      },
      "_mountOrder": 1,
      "_pendingCallbacks": null,
      "_pendingElement": null,
      "_pendingForceUpdate": false,
      "_pendingReplaceState": false,
      "_pendingStateQueue": null,
      "_renderedComponent": NoopInternalComponent {
        "_currentElement": <Styled(Container)
          virtual={undefined}
>
          <Styled(Content)
                    virtual={undefined}
          >
                    <Styled(Card)
                              style={
                                        Object {
                                                  "flex": 0,
                                                }
                              }
                              virtual={undefined}
                    >
                              <Styled(CardItem)
                                        virtual={undefined}
                              >
                                        <Styled(Left)
                                                  virtual={undefined}
                                        >
                                                  <Styled(Thumbnail)
                                                            source={
                                                                      Object {
                                                                                "uri": "https://media.glassdoor.com/sql/515676/zomato-squarelogo-1466750863527.png",
                                                                              }
                                                            }
                                                            style={
                                                                      Object {
                                                                                "height": 50,
                                                                                "width": 50,
                                                                              }
                                                            }
                                                            virtual={undefined}
                                                  />
                                                  <Styled(Body)
                                                            virtual={undefined}
                                                  >
                                                            <Styled(Text)
                                                                      virtual={undefined}
                                                            />
                                                            <Styled(Text)
                                                                      note={true}
                                                                      virtual={undefined}
                                                            >
                                                                      04 May 2017
                                                            </Styled(Text)>
                                                  </Styled(Body)>
                                        </Styled(Left)>
                              </Styled(CardItem)>
                              <Styled(CardItem)
                                        virtual={undefined}
                              >
                                        <Styled(Body)
                                                  virtual={undefined}
                                        >
                                                  <Image
                                                            source={
                                                                      Object {
                                                                                "uri": undefined,
                                                                              }
                                                            }
                                                            style={
                                                                      Object {
                                                                                "height": 200,
                                                                                "width": 340,
                                                                              }
                                                            }
                                                  />
                                                  <Styled(Text)
                                                            virtual={undefined}
                                                  />
                                                  <Styled(Button)
                                                            textStyle={
                                                                      Object {
                                                                                "color": "#87838B",
                                                                              }
                                                            }
                                                            transparent={true}
                                                            virtual={undefined}
                                                  >
                                                            <Styled(Icon)
                                                                      name="logo-facebook"
                                                                      virtual={undefined}
                                                            />
                                                            <Styled(Left)
                                                                      virtual={undefined}
                                                            >
                                                                      <Styled(Text)
                                                                                style={
                                                                                          Object {
                                                                                                    "fontSize": 12,
                                                                                                    "marginLeft": 2,
                                                                                                  }
                                                                                }
                                                                                virtual={undefined}
                                                                      >
                                                                                Share it
                                                                      </Styled(Text)>
                                                            </Styled(Left)>
                                                  </Styled(Button)>
                                        </Styled(Body)>
                              </Styled(CardItem)>
                    </Styled(Card)>
          </Styled(Content)>
</Styled(Container)>,
        "_debugID": 2,
        "_renderedOutput": <Styled(Container)
          virtual={undefined}
>
          <Styled(Content)
                    virtual={undefined}
          >
                    <Styled(Card)
                              style={
                                        Object {
                                                  "flex": 0,
                                                }
                              }
                              virtual={undefined}
                    >
                              <Styled(CardItem)
                                        virtual={undefined}
                              >
                                        <Styled(Left)
                                                  virtual={undefined}
                                        >
                                                  <Styled(Thumbnail)
                                                            source={
                                                                      Object {
                                                                                "uri": "https://media.glassdoor.com/sql/515676/zomato-squarelogo-1466750863527.png",
                                                                              }
                                                            }
                                                            style={
                                                                      Object {
                                                                                "height": 50,
                                                                                "width": 50,
                                                                              }
                                                            }
                                                            virtual={undefined}
                                                  />
                                                  <Styled(Body)
                                                            virtual={undefined}
                                                  >
                                                            <Styled(Text)
                                                                      virtual={undefined}
                                                            />
                                                            <Styled(Text)
                                                                      note={true}
                                                                      virtual={undefined}
                                                            >
                                                                      04 May 2017
                                                            </Styled(Text)>
                                                  </Styled(Body)>
                                        </Styled(Left)>
                              </Styled(CardItem)>
                              <Styled(CardItem)
                                        virtual={undefined}
                              >
                                        <Styled(Body)
                                                  virtual={undefined}
                                        >
                                                  <Image
                                                            source={
                                                                      Object {
                                                                                "uri": undefined,
                                                                              }
                                                            }
                                                            style={
                                                                      Object {
                                                                                "height": 200,
                                                                                "width": 340,
                                                                              }
                                                            }
                                                  />
                                                  <Styled(Text)
                                                            virtual={undefined}
                                                  />
                                                  <Styled(Button)
                                                            textStyle={
                                                                      Object {
                                                                                "color": "#87838B",
                                                                              }
                                                            }
                                                            transparent={true}
                                                            virtual={undefined}
                                                  >
                                                            <Styled(Icon)
                                                                      name="logo-facebook"
                                                                      virtual={undefined}
                                                            />
                                                            <Styled(Left)
                                                                      virtual={undefined}
                                                            >
                                                                      <Styled(Text)
                                                                                style={
                                                                                          Object {
                                                                                                    "fontSize": 12,
                                                                                                    "marginLeft": 2,
                                                                                                  }
                                                                                }
                                                                                virtual={undefined}
                                                                      >
                                                                                Share it
                                                                      </Styled(Text)>
                                                            </Styled(Left)>
                                                  </Styled(Button)>
                                        </Styled(Body)>
                              </Styled(CardItem)>
                    </Styled(Card)>
          </Styled(Content)>
</Styled(Container)>,
      },
      "_renderedNodeType": 1,
      "_rootNodeID": 0,
      "_topLevelWrapper": null,
      "_updateBatchNumber": null,
      "_warnedAboutRefsInRender": false,
    },
    "getRenderOutput": [Function],
    "render": [Function],
  },
  "root": [Circular],
  "unrendered": <DetailCollection
    navigation={
        Object {
            "state": Object {
              "params": Object {
                "collection": Object {},
              },
            },
          }
    }
/>,
}
`;
